| linux   | Phone  | Beijing      |        1 |
| windows | Phone  | Shijiazhuang |        1 |
| windows | PC     | Shijiazhuang |        1 |
| linux   | PC     | Beijing      |        1 |
| windows | PC     | Beijing      |        2 |
| ios     | Phone  | Shijiazhuang |        1 |
| linux   | NULL   | Beijing      |        2 |
| windows | NULL   | Shijiazhuang |        2 |
| windows | NULL   | Beijing      |        2 |
| ios     | NULL   | Shijiazhuang |        1 |