|    1 |    2 |    3 |        1 |    0 |    0 |    0 |          0 |
|    1 |    2 | NULL |        1 |    0 |    0 |    1 |          1 |
|    1 | NULL |    3 |        1 |    0 |    1 |    0 |          2 |
|    1 | NULL | NULL |        1 |    0 |    1 |    1 |          3 |
| NULL |    2 |    3 |        1 |    1 |    0 |    0 |          4 |
| NULL |    2 | NULL |        1 |    1 |    0 |    1 |          5 |
| NULL | NULL |    3 |        1 |    1 |    1 |    0 |          6 |
| NULL | NULL | NULL |        1 |    1 |    1 |    1 |          7 |